mca@mamund-ws:~/onboarding$ git status
On branch master
Untracked files:
  (use "git add <file>..." to include in what will be committed)

	services/

nothing added to commit but untracked files present (use "git add" to track)
mca@mamund-ws:~/onboarding$ git add --all 
mca@mamund-ws:~/onboarding$ git status
On branch master
Changes to be committed:
  (use "git reset HEAD <file>..." to unstage)

	new file:   services/company-root.json

mca@mamund-ws:~/onboarding$ git commit -m"add services folder"
[master 491f4c1] add services folder and company-root response
 1 file changed, 26 insertions(+)
 create mode 100644 services
